// Jest Snapshot v1, https://goo.gl/fbAQLP

exports[`<GroupButtonModal/> should component Snapshot 1`] = `
ShallowWrapper {
  "length": 1,
  Symbol(enzyme.__root__): [Circular],
  Symbol(enzyme.__unrendered__): <GroupButtonModal
    pristine={undefined}
    submitting={undefined}
    toggle={[Function]}
/>,
  Symbol(enzyme.__renderer__): Object {
    "batchedUpdates": [Function],
    "getNode": [Function],
    "render": [Function],
    "simulateEvent": [Function],
    "unmount": [Function],
  },
  Symbol(enzyme.__node__): Object {
    "instance": null,
    "key": undefined,
    "nodeType": "host",
    "props": Object {
      "children": Array [
        <button
          className="btn btn-danger btn-sm"
          onClick={[Function]}
          type="button"
>
          Fechar
</button>,
        <button
          className="btn btn-info btn-sm"
          disabled={undefined}
          type="submit"
>
          Salvar
</button>,
      ],
      "className": "modal-footer",
    },
    "ref": null,
    "rendered": Array [
      Object {
        "instance": null,
        "key": undefined,
        "nodeType": "host",
        "props": Object {
          "children": "Fechar",
          "className": "btn btn-danger btn-sm",
          "onClick": [Function],
          "type": "button",
        },
        "ref": null,
        "rendered": "Fechar",
        "type": "button",
      },
      Object {
        "instance": null,
        "key": undefined,
        "nodeType": "host",
        "props": Object {
          "children": "Salvar",
          "className": "btn btn-info btn-sm",
          "disabled": undefined,
          "type": "submit",
        },
        "ref": null,
        "rendered": "Salvar",
        "type": "button",
      },
    ],
    "type": "div",
  },
  Symbol(enzyme.__nodes__): Array [
    Object {
      "instance": null,
      "key": undefined,
      "nodeType": "host",
      "props": Object {
        "children": Array [
          <button
            className="btn btn-danger btn-sm"
            onClick={[Function]}
            type="button"
>
            Fechar
</button>,
          <button
            className="btn btn-info btn-sm"
            disabled={undefined}
            type="submit"
>
            Salvar
</button>,
        ],
        "className": "modal-footer",
      },
      "ref": null,
      "rendered": Array [
        Object {
          "instance": null,
          "key": undefined,
          "nodeType": "host",
          "props": Object {
            "children": "Fechar",
            "className": "btn btn-danger btn-sm",
            "onClick": [Function],
            "type": "button",
          },
          "ref": null,
          "rendered": "Fechar",
          "type": "button",
        },
        Object {
          "instance": null,
          "key": undefined,
          "nodeType": "host",
          "props": Object {
            "children": "Salvar",
            "className": "btn btn-info btn-sm",
            "disabled": undefined,
            "type": "submit",
          },
          "ref": null,
          "rendered": "Salvar",
          "type": "button",
        },
      ],
      "type": "div",
    },
  ],
  Symbol(enzyme.__options__): Object {
    "adapter": ReactSixteenAdapter {
      "options": Object {
        "enableComponentDidUpdateOnSetState": true,
      },
    },
  },
}
`;
