// Jest Snapshot v1, https://goo.gl/fbAQLP

exports[`<GroupButtonCard> should component Snapshot 1`] = `
ShallowWrapper {
  "length": 1,
  Symbol(enzyme.__root__): [Circular],
  Symbol(enzyme.__unrendered__): <GroupButtonCard
    data={
        Object {
            "commentCount": 2,
          }
    }
    edit={[Function]}
    newComment={[Function]}
    remove={[Function]}
    showComment={[Function]}
    voteDown={[Function]}
    voteUp={[Function]}
/>,
  Symbol(enzyme.__renderer__): Object {
    "batchedUpdates": [Function],
    "getNode": [Function],
    "render": [Function],
    "simulateEvent": [Function],
    "unmount": [Function],
  },
  Symbol(enzyme.__node__): Object {
    "instance": null,
    "key": undefined,
    "nodeType": "host",
    "props": Object {
      "children": Array [
        <button
          className="btn btn-outline-dark btn-sm mr-sm-2"
          id="show"
          onClick={[Function]}
          type="button"
>
          Visualisar Comentários
           
          <span
                    className="badge badge-light"
          >
                    2
          </span>
</button>,
        <button
          className="btn btn-outline-dark btn-sm mr-sm-2"
          id="edit"
          onClick={[Function]}
          type="button"
>
          Adicionar Comentário
</button>,
        <button
          className="btn btn-outline-dark btn-sm mr-sm-2"
          id="edit"
          onClick={[Function]}
          type="button"
>
          Editar
</button>,
        <button
          className="btn btn-outline-dark btn-sm mr-sm-2"
          id="delete"
          onClick={[Function]}
          type="button"
>
          Excluir
</button>,
        <button
          className="btn btn-outline-success btn-sm mr-sm-2"
          id="like"
          onClick={[Function]}
          type="button"
>
          Gostei
</button>,
        <button
          className="btn btn-outline-danger btn-sm"
          id="dislike"
          onClick={[Function]}
          type="button"
>
          Não Gostei
</button>,
      ],
    },
    "ref": null,
    "rendered": Array [
      Object {
        "instance": null,
        "key": undefined,
        "nodeType": "host",
        "props": Object {
          "children": Array [
            "Visualisar Comentários",
            " ",
            <span
              className="badge badge-light"
>
              2
</span>,
          ],
          "className": "btn btn-outline-dark btn-sm mr-sm-2",
          "id": "show",
          "onClick": [Function],
          "type": "button",
        },
        "ref": null,
        "rendered": Array [
          "Visualisar Comentários",
          " ",
          Object {
            "instance": null,
            "key": undefined,
            "nodeType": "host",
            "props": Object {
              "children": 2,
              "className": "badge badge-light",
            },
            "ref": null,
            "rendered": 2,
            "type": "span",
          },
        ],
        "type": "button",
      },
      Object {
        "instance": null,
        "key": undefined,
        "nodeType": "host",
        "props": Object {
          "children": "Adicionar Comentário",
          "className": "btn btn-outline-dark btn-sm mr-sm-2",
          "id": "edit",
          "onClick": [Function],
          "type": "button",
        },
        "ref": null,
        "rendered": "Adicionar Comentário",
        "type": "button",
      },
      Object {
        "instance": null,
        "key": undefined,
        "nodeType": "host",
        "props": Object {
          "children": "Editar",
          "className": "btn btn-outline-dark btn-sm mr-sm-2",
          "id": "edit",
          "onClick": [Function],
          "type": "button",
        },
        "ref": null,
        "rendered": "Editar",
        "type": "button",
      },
      Object {
        "instance": null,
        "key": undefined,
        "nodeType": "host",
        "props": Object {
          "children": "Excluir",
          "className": "btn btn-outline-dark btn-sm mr-sm-2",
          "id": "delete",
          "onClick": [Function],
          "type": "button",
        },
        "ref": null,
        "rendered": "Excluir",
        "type": "button",
      },
      Object {
        "instance": null,
        "key": undefined,
        "nodeType": "host",
        "props": Object {
          "children": "Gostei",
          "className": "btn btn-outline-success btn-sm mr-sm-2",
          "id": "like",
          "onClick": [Function],
          "type": "button",
        },
        "ref": null,
        "rendered": "Gostei",
        "type": "button",
      },
      Object {
        "instance": null,
        "key": undefined,
        "nodeType": "host",
        "props": Object {
          "children": "Não Gostei",
          "className": "btn btn-outline-danger btn-sm",
          "id": "dislike",
          "onClick": [Function],
          "type": "button",
        },
        "ref": null,
        "rendered": "Não Gostei",
        "type": "button",
      },
    ],
    "type": "div",
  },
  Symbol(enzyme.__nodes__): Array [
    Object {
      "instance": null,
      "key": undefined,
      "nodeType": "host",
      "props": Object {
        "children": Array [
          <button
            className="btn btn-outline-dark btn-sm mr-sm-2"
            id="show"
            onClick={[Function]}
            type="button"
>
            Visualisar Comentários
             
            <span
                        className="badge badge-light"
            >
                        2
            </span>
</button>,
          <button
            className="btn btn-outline-dark btn-sm mr-sm-2"
            id="edit"
            onClick={[Function]}
            type="button"
>
            Adicionar Comentário
</button>,
          <button
            className="btn btn-outline-dark btn-sm mr-sm-2"
            id="edit"
            onClick={[Function]}
            type="button"
>
            Editar
</button>,
          <button
            className="btn btn-outline-dark btn-sm mr-sm-2"
            id="delete"
            onClick={[Function]}
            type="button"
>
            Excluir
</button>,
          <button
            className="btn btn-outline-success btn-sm mr-sm-2"
            id="like"
            onClick={[Function]}
            type="button"
>
            Gostei
</button>,
          <button
            className="btn btn-outline-danger btn-sm"
            id="dislike"
            onClick={[Function]}
            type="button"
>
            Não Gostei
</button>,
        ],
      },
      "ref": null,
      "rendered": Array [
        Object {
          "instance": null,
          "key": undefined,
          "nodeType": "host",
          "props": Object {
            "children": Array [
              "Visualisar Comentários",
              " ",
              <span
                className="badge badge-light"
>
                2
</span>,
            ],
            "className": "btn btn-outline-dark btn-sm mr-sm-2",
            "id": "show",
            "onClick": [Function],
            "type": "button",
          },
          "ref": null,
          "rendered": Array [
            "Visualisar Comentários",
            " ",
            Object {
              "instance": null,
              "key": undefined,
              "nodeType": "host",
              "props": Object {
                "children": 2,
                "className": "badge badge-light",
              },
              "ref": null,
              "rendered": 2,
              "type": "span",
            },
          ],
          "type": "button",
        },
        Object {
          "instance": null,
          "key": undefined,
          "nodeType": "host",
          "props": Object {
            "children": "Adicionar Comentário",
            "className": "btn btn-outline-dark btn-sm mr-sm-2",
            "id": "edit",
            "onClick": [Function],
            "type": "button",
          },
          "ref": null,
          "rendered": "Adicionar Comentário",
          "type": "button",
        },
        Object {
          "instance": null,
          "key": undefined,
          "nodeType": "host",
          "props": Object {
            "children": "Editar",
            "className": "btn btn-outline-dark btn-sm mr-sm-2",
            "id": "edit",
            "onClick": [Function],
            "type": "button",
          },
          "ref": null,
          "rendered": "Editar",
          "type": "button",
        },
        Object {
          "instance": null,
          "key": undefined,
          "nodeType": "host",
          "props": Object {
            "children": "Excluir",
            "className": "btn btn-outline-dark btn-sm mr-sm-2",
            "id": "delete",
            "onClick": [Function],
            "type": "button",
          },
          "ref": null,
          "rendered": "Excluir",
          "type": "button",
        },
        Object {
          "instance": null,
          "key": undefined,
          "nodeType": "host",
          "props": Object {
            "children": "Gostei",
            "className": "btn btn-outline-success btn-sm mr-sm-2",
            "id": "like",
            "onClick": [Function],
            "type": "button",
          },
          "ref": null,
          "rendered": "Gostei",
          "type": "button",
        },
        Object {
          "instance": null,
          "key": undefined,
          "nodeType": "host",
          "props": Object {
            "children": "Não Gostei",
            "className": "btn btn-outline-danger btn-sm",
            "id": "dislike",
            "onClick": [Function],
            "type": "button",
          },
          "ref": null,
          "rendered": "Não Gostei",
          "type": "button",
        },
      ],
      "type": "div",
    },
  ],
  Symbol(enzyme.__options__): Object {
    "adapter": ReactSixteenAdapter {
      "options": Object {
        "enableComponentDidUpdateOnSetState": true,
      },
    },
  },
}
`;
