// Jest Snapshot v1, https://goo.gl/fbAQLP

exports[`<PageNotFounds/> should component Snapshot 1`] = `
ShallowWrapper {
  "length": 1,
  Symbol(enzyme.__root__): [Circular],
  Symbol(enzyme.__unrendered__): <PageNotFounds />,
  Symbol(enzyme.__renderer__): Object {
    "batchedUpdates": [Function],
    "getNode": [Function],
    "render": [Function],
    "simulateEvent": [Function],
    "unmount": [Function],
  },
  Symbol(enzyme.__node__): Object {
    "instance": null,
    "key": undefined,
    "nodeType": "host",
    "props": Object {
      "children": Array [
        <h1
          className="display-4"
>
          Erro 404
</h1>,
        <p
          className="lead"
>
          Página não encontrada!
</p>,
        " ",
      ],
      "className": "jumbotron mt-2 mx-2",
    },
    "ref": null,
    "rendered": Array [
      Object {
        "instance": null,
        "key": undefined,
        "nodeType": "host",
        "props": Object {
          "children": "Erro 404",
          "className": "display-4",
        },
        "ref": null,
        "rendered": "Erro 404",
        "type": "h1",
      },
      Object {
        "instance": null,
        "key": undefined,
        "nodeType": "host",
        "props": Object {
          "children": "Página não encontrada!",
          "className": "lead",
        },
        "ref": null,
        "rendered": "Página não encontrada!",
        "type": "p",
      },
      " ",
    ],
    "type": "div",
  },
  Symbol(enzyme.__nodes__): Array [
    Object {
      "instance": null,
      "key": undefined,
      "nodeType": "host",
      "props": Object {
        "children": Array [
          <h1
            className="display-4"
>
            Erro 404
</h1>,
          <p
            className="lead"
>
            Página não encontrada!
</p>,
          " ",
        ],
        "className": "jumbotron mt-2 mx-2",
      },
      "ref": null,
      "rendered": Array [
        Object {
          "instance": null,
          "key": undefined,
          "nodeType": "host",
          "props": Object {
            "children": "Erro 404",
            "className": "display-4",
          },
          "ref": null,
          "rendered": "Erro 404",
          "type": "h1",
        },
        Object {
          "instance": null,
          "key": undefined,
          "nodeType": "host",
          "props": Object {
            "children": "Página não encontrada!",
            "className": "lead",
          },
          "ref": null,
          "rendered": "Página não encontrada!",
          "type": "p",
        },
        " ",
      ],
      "type": "div",
    },
  ],
  Symbol(enzyme.__options__): Object {
    "adapter": ReactSixteenAdapter {
      "options": Object {
        "enableComponentDidUpdateOnSetState": true,
      },
    },
  },
}
`;
